// Jest Snapshot v1, https://goo.gl/fbAQLP

exports[`should take a snapshot 1`] = `
<DocumentFragment>
  <button
    class="button-0-2-1"
  >
    test button
  </button>
</DocumentFragment>
`;
