// Jest Snapshot v1, https://goo.gl/fbAQLP

exports[`should take a snapshot 1`] = `
<DocumentFragment>
  <span
    class="message-0-2-1"
  >
    test message
  </span>
</DocumentFragment>
`;
